# Tests that when a path doesn't exist that the correct output is displayed

# Loads a new graph from a csv file
loaded graph heroes

# Finds shortest path between heroes
path from A to C:
no path found