# Tests that a graph that has absolutely no nodes is loaded correctly

# Loads a new graph from a csv file
loaded graph newGraph

# Lists all of the nodes of this new graph
newGraph contains: