# Adds 2 nodes to the graph

# Creates a new Graph
created graph newGraph1

# Adds a new node "n1"
added node n1 to newGraph1

# Adds a new node "n2"
added node n2 to newGraph1

# Lists all of the nodes of this new graph
newGraph1 contains: n1 n2