# Tests that we correctly have a list of 1 node when ListNodes is called
# and the graph has only one node

# Creates our new graph
created graph newGraph

# Adds a new node "n1"
added node n1 to newGraph

# Lists all of the nodes of this new graph
newGraph contains: n1